                                        GIT & GITHUB 
Install git

open gitbash 

* git --version

* git congfig --help

mkdir newFolder  //to create a folder/directory

cd newFolder

1. git init  // to initialize the directory
2. git status
--> no commit     //means we have not committed thru git tool

3. git add demo.txt

4. git commit -m "commiting a text file"

5. git config --global user.username Nikhil-lab        //getis successfully linked to github account (Nikhil-lab is username)

Note:create a new repository in GitHub (remote repository)

6> git remote origin https://github.com/Nikhil-lab/nikhil.github.io
 
->> now local repository and remote repository are linked !!!!

7. git push origin master 

->>now we can push local file onto a remote repository


more info

git add .    //adds all the files in the folder
->> will stage all the files 

git add *.html   //all html files are added




creating branch

$ git branch MyBranch
$ git checkout MyBranch
-->> Switched to branch MyBranch

$ git add .

$ git commit -m "Mybranch Commit 1"     //saved in local repository

<<<<<<< HEAD
$ git push origin MyBranch          // pushed to remote branch


$ git checkout master   
$ git status
On branch master
-->> to check which branch


to merge the branch data

$ git merge MyBranch
=======
$ git push origin MyBranch          // pushed to remote branch
>>>>>>> MyBranch
